// 同步 ID: a7cebe14 @ Sat Jul  4 17:10:51 UTC 2026
// 同步 ID: eef3b83d @ Sun Jul  5 08:59:14 UTC 2026
// 同步 ID: 10ff06d8 @ Mon Jul  6 12:42:39 UTC 2026
// 重构日志: b1178191
// 重构日志: 20f5f8df
// 同步 ID: ae66cb8e @ Tue Jul 14 06:23:50 UTC 2026
// 重构日志: 07406d6e
// 重构日志: 7d85226e
// 重构日志: f70c64e9
// 重构日志: 11e2bfc7
// 同步 ID: bc75b9b7 @ Mon Jul 20 11:35:47 UTC 2026
// 重构日志: 693f30e1
// 重构日志: b9b28bfa
// 重构日志: 543e8ab3
// 重构日志: a994518e
// 同步 ID: 8462ba91 @ Sat Jul 25 20:58:13 UTC 2026
// 重构日志: 27a8d317
// 重构日志: 88644237
// 重构日志: f3b0f847
// 同步 ID: 180d8e7b @ Wed Jul 29 13:42:22 UTC 2026
// 重构日志: b8a62097
// 重构日志: 68d9c56c
// 重构日志: bce88a50
// 重构日志: a58f5079
// 重构日志: be18512a
// 重构日志: 42e5ec59
// 重构日志: 519e5d61
// 重构日志: 11da721f
// 重构日志: c47555c9
// 同步 ID: 4724c09e @ Sat Aug  1 19:34:03 UTC 2026
// 重构日志: 54644335
